Guia Rapida de Git.1. Ir al directorio de trabajo ej: a. cd /Users/pcandia/Documents/DPython/DScience/PrototypeE)2. Hacer Ògit initÓ3. git status -s  -> ve el status de los archivos* ?? .ipynb_checkpoints/* ?? IAgame/* ?? comandos.txt* ?? gmos.csv* ?? gmosPTE.py* ?? instest.csv* ?? instest.ipynb4. ?? significa que no se les ha hecho seguimiento.5 git add gmos.csv* A  gmos.csv  -> agregado a Ôstaging areaÕ* ?? .ipynb_checkpoints/* ?? IAgame/* ?? comandos.txt* ?? gmosPTE.py* ?? instest.csv* ?? instest.ipynb6 git commit -m "agregamos un 2 al contador" -> mandamos al repositorio local* M gmos.csv  -> Modificado* ?? .ipynb_checkpoints/* ?? IAgame/* ?? comandos.txt* ?? gmosPTE.py* ?? instest.csv* ?? instest.ipynb5 Con Ôgit add .Õ Mandamos todos los archivos de una vez al repositorio local6 Ôgit commit -m Òfiles originalesÓ7 Ôgit logÕ -> veo los comentarios* 6e12069 (HEAD -> master) gmos.csv cambiamos  contador a 3* 4cb9133 gmos.csv cambiamos  contador a 0* e3dbad7 files originales* 6dc918d agregamos un 2 al contador8 Podemos viajar en el tiempo al momento en que cambie el Contador a Ô0ÕÔgit reset --hard 4cb9133Õ9  git log --oneline* 4cb9133 (HEAD -> master) gmos.csv cambiamos  contador a 0* e3dbad7 files originales* 6dc918d agregamos un 2 al contador10 Para Volver a como estamos antes: Ôgit reset --hard 6e12069Õ#Para Remotos, Clonar primero: git clone https://gitlab.gemini.edu/pcandia/testproject.git#se crea directorio testproject/ con los files que tiene.cd testproject/#creamos un filegit add file git commit -m ÒcomentarioÓgit remote  (o git remote -v)>origin (respuesta)#enviar a tus remotos           git push origin master (git push [nombre-remoto] [nombre-rama])           #push file a un subdirectorio de testproject           cd testproject/GmosProto/           #crear file (ej gp1.txt)            git add gp1.txt            git commit -m Ònuevo file gp1.txt Ò            git remote -v (ve tus remotos, ej origin)           git push origin master (envia lo que tienes en master a origin)      Borrar file  	#ir al directorio local (ej: /Users/pcandia/Documents/GEMINI/GEMgit/testproject)> rm test1.txt> git add .> git commit -m Òborre test1Ó> git push origin masterTraer Files sin modificar los tuyos	Edita el file directamente en el browser. En este caso vamos a            https://gitlab.gemini.edu/pcandia/testproject.git> cd dir2> testd2.txteditamos el file Ð luego commitVamos al directorio /Users/pcandia/Documents/GEMINI/GEMgit/testproject/> git fetch  origin (traemos lo agregado sin modificar lo que temenos editado localmente)Si quieres sobre escribir lo que ya temenos editado> git pull origin (traemos y combinas automaticamente la rama remota con la actual)